---
source: src/tests/books.rs
expression: logs
snapshot_kind: text
---
<<<<<<< HEAD
 INFO mdbook::book: Running the pandoc backend
 INFO mdbook_pandoc::pandoc::renderer: Running pandoc
||||||| parent of 8c10a4f (chore(deps)!: upgrade mdbook to v0.5.0)
 INFO mdbook::book: Running the pandoc backend    
 INFO mdbook_pandoc::pandoc::renderer: Running pandoc    
=======
 INFO mdbook_driver::mdbook: Running the pandoc backend    
 INFO mdbook_pandoc::pandoc::renderer: Running pandoc    
>>>>>>> 8c10a4f (chore(deps)!: upgrade mdbook to v0.5.0)
[WARNING] [makePDF] LaTeX Warning: Hyper reference
  `book__pdf__src__std__result__question_mark.md' on $PAGE
  undefined on input $LINE.
[WARNING] [makePDF] LaTeX Warning: There were undefined references.
[WARNING] Missing character: There is no ðŸ›ˆ (U+1F6C8) (U+1F6C8) in font NotoSerif:mode=node;script
[WARNING] Missing character: There is no ðŸ›ˆ (U+1F6C8) (U+1F6C8) in font NotoSerif:mode=node;script
 INFO mdbook_pandoc::pandoc::renderer: Wrote output to book/pdf/book.pdf
