---
source: src/lib.rs
expression: logs
---
 INFO mdbook::book: Running the pandoc backend    
[WARNING] [makePDF] LaTeX Warning: Hyper reference
  `book__pdf__src__design-patterns__hal__namingmd__c-crate-name'
  on page 95 undefined on input line 5763.
[WARNING] [makePDF] LaTeX Warning: Hyper reference
  `book__pdf__src__design-patterns__hal__interoperabilitymd__c-free'
  on page 95 undefined on input line 5773.
[WARNING] [makePDF] LaTeX Warning: Hyper reference
  `book__pdf__src__design-patterns__hal__interoperabilitymd__c-reexport-pac'
  on page 95 undefined on input line 5776.
[WARNING] [makePDF] LaTeX Warning: Hyper reference
  `book__pdf__src__design-patterns__hal__interoperabilitymd__c-hal-traits'
  on page 95 undefined on input line 5779.
[WARNING] [makePDF] LaTeX Warning: Hyper reference
  `book__pdf__src__design-patterns__hal__predictabilitymd__c-ctor'
  on page 95 undefined on input line 5789.
[WARNING] [makePDF] LaTeX Warning: Hyper reference
  `book__pdf__src__design-patterns__hal__gpiomd__c-zst-pin' on
  page 95 undefined on input line 5799.
[WARNING] [makePDF] LaTeX Warning: Hyper reference
  `book__pdf__src__design-patterns__hal__gpiomd__c-erased-pin'
  on page 95 undefined on input line 5802.
[WARNING] [makePDF] LaTeX Warning: Hyper reference
  `book__pdf__src__design-patterns__hal__gpiomd__c-pin-state'
  on page 95 undefined on input line 5805.
[WARNING] [makePDF] LaTeX Warning: There were undefined references.
[WARNING] Missing character: There is no ðŸ¦€ (U+1F980) (U+1F980) in font [lmroman10-regular]:+tlig;
[WARNING] Missing character: There is no âœ“ (U+2713) (U+2713) in font [lmroman10-regular]:+tlig;!
[WARNING] Missing character: There is no âœ“ (U+2713) (U+2713) in font [lmroman10-regular]:+tlig;!
[WARNING] Missing character: There is no âœ˜ (U+2718) (U+2718) in font [lmroman10-regular]:+tlig;!
[WARNING] Missing character: There is no âœ“ (U+2713) (U+2713) in font [lmroman10-regular]:+tlig;!
[WARNING] Missing character: There is no âœ˜ (U+2718) (U+2718) in font [lmroman10-regular]:+tlig;!
[WARNING] Missing character: There is no âœ“ (U+2713) (U+2713) in font [lmroman10-regular]:+tlig;!
[WARNING] Missing character: There is no âœ˜ (U+2718) (U+2718) in font [lmroman10-regular]:+tlig;!
[WARNING] Missing character: There is no âœ“ (U+2713) (U+2713) in font [lmroman10-regular]:+tlig;!
[WARNING] Missing character: There is no âœ“ (U+2713) (U+2713) in font [lmroman10-regular]:+tlig;!
[WARNING] Missing character: There is no âœ“ (U+2713) (U+2713) in font [lmroman10-regular]:+tlig;!
[WARNING] Missing character: There is no âœ“ (U+2713) (U+2713) in font [lmroman10-regular]:+tlig;!
[WARNING] Missing character: There is no âœ˜ (U+2718) (U+2718) in font [lmroman10-regular]:+tlig;!
 INFO mdbook_pandoc::pandoc::renderer: Wrote output to book/pdf/book.pdf    

