---
source: src/lib.rs
expression: logs
---
 INFO mdbook::book: Running the pandoc backend    
 INFO mdbook_pandoc: Processing redirects in [output.html.redirect]    
 INFO mdbook_pandoc::render: Wrote output to book/pdf/book.pdf    

