---
source: src/lib.rs
expression: logs
---
 WARN mdbook::preprocess::cmd: The command wasn't found, is the "mermaid" preprocessor installed?    
 WARN mdbook::preprocess::cmd: 	Command: mdbook-mermaid    
 WARN mdbook::preprocess::cmd: The command wasn't found, is the "toc" preprocessor installed?    
 WARN mdbook::preprocess::cmd: 	Command: mdbook-toc    
 INFO mdbook::book: Running the pandoc backend    
 INFO mdbook_pandoc: Processing redirects in [output.html.redirect]    
 WARN mdbook_pandoc::preprocess: Heading (level h5) converted to paragraph in chapter: Coinduction    
 WARN mdbook_pandoc::preprocess: Heading (level h5) converted to paragraph in chapter: Coinduction    
 WARN mdbook_pandoc::preprocess: Heading (level h5) converted to paragraph in chapter: Return Position Impl Trait In Trait    
 WARN mdbook_pandoc::preprocess: Heading (level h5) converted to paragraph in chapter: Return Position Impl Trait In Trait    
 WARN mdbook_pandoc::preprocess: Heading (level h5) converted to paragraph in chapter: Return Position Impl Trait In Trait    
 WARN mdbook_pandoc::preprocess: Heading (level h5) converted to paragraph in chapter: Return Position Impl Trait In Trait    
 WARN mdbook_pandoc::preprocess: Heading (level h5) converted to paragraph in chapter: Return Position Impl Trait In Trait    
 WARN mdbook_pandoc::preprocess: Heading (level h5) converted to paragraph in chapter: Return Position Impl Trait In Trait    
 WARN mdbook_pandoc::preprocess: Heading (level h5) converted to paragraph in chapter: Return Position Impl Trait In Trait    
 WARN mdbook_pandoc::preprocess: Heading (level h5) converted to paragraph in chapter: Return Position Impl Trait In Trait    
 WARN mdbook_pandoc::preprocess: Heading (level h5) converted to paragraph in chapter: Return Position Impl Trait In Trait    
 WARN mdbook_pandoc::preprocess: Heading (level h5) converted to paragraph in chapter: Return Position Impl Trait In Trait    
 WARN mdbook_pandoc::preprocess: Heading (level h5) converted to paragraph in chapter: Return Position Impl Trait In Trait    
[WARNING] [makePDF] LaTeX Warning: Hyper reference
  `book__pandoc__pdf__src__appendix__glossarymd__ice' on page
  25 undefined on input line 1346.
[WARNING] [makePDF] LaTeX Warning: Hyper reference
  `book__pandoc__pdf__src__conventionsmd__formatting' on page
  41 undefined on input line 2367.
[WARNING] [makePDF] LaTeX Warning: Hyper reference
  `book__pandoc__pdf__src__tests__addingmd__explanatory_comment'
  on page 52 undefined on input line 3176.
[WARNING] [makePDF] LaTeX Warning: Hyper reference
  `book__pandoc__pdf__src__building__how-to-build-and-runmd__toolchain'
  on page 104 undefined on input line 6560.
[WARNING] [makePDF] LaTeX Warning: Hyper reference
  `book__pandoc__pdf__src__gitmd__conflicts' on page 132
  undefined on input line 8204.
[WARNING] [makePDF] LaTeX Warning: Hyper reference
  `book__pandoc__pdf__src__walkthroughmd__impl' on page 145
  undefined on input line 8818.
[WARNING] [makePDF] LaTeX Warning: Hyper reference
  `book__pandoc__pdf__src__conventionsmd__formatting' on page
  163 undefined on input line 9802.
[WARNING] [makePDF] LaTeX Warning: Hyper reference
  `book__pandoc__pdf__src__conventionsmd__cc' on page 163
  undefined on input line 9804.
[WARNING] [makePDF] LaTeX Warning: Hyper reference
  `book__pandoc__pdf__src__conventionsmd__cio' on page 163
  undefined on input line 9806.
[WARNING] [makePDF] LaTeX Warning: Hyper reference
  `book__pandoc__pdf__src__conventionsmd__er' on page 163
  undefined on input line 9808.
[WARNING] [makePDF] LaTeX Warning: Hyper reference
  `book__pandoc__pdf__src__notification-groups__aboutmd__join'
  on page 186 undefined on input line 10774.
[WARNING] [makePDF] LaTeX Warning: Hyper reference
  `book__pandoc__pdf__src__notification-groups__aboutmd__join'
  on page 186 undefined on input line 10779.
[WARNING] [makePDF] LaTeX Warning: Hyper reference
  `book__pandoc__pdf__src__appendix__glossarymd__intrinsic' on
  page 212 undefined on input line 12318.
[WARNING] [makePDF] LaTeX Warning: Hyper reference
  `book__pandoc__pdf__src__queries__incremental-compilationmd__dag'
  on page 230 undefined on input line 13442.
[WARNING] [makePDF] LaTeX Warning: Hyper reference
  `book__pandoc__pdf__src__querymd__adding-a-new-kind-of-query'
  on page 240 undefined on input line 14030.
[WARNING] [makePDF] LaTeX Warning: Hyper reference
  `book__pandoc__pdf__src__generic_argumentsmd__GenericArgs'
  on page 251 undefined on input line 14647.
[WARNING] [makePDF] LaTeX Warning: Hyper reference
  `book__pandoc__pdf__src__appendix__backgroundmd__cfg' on
  page 311 undefined on input line 18090.
[WARNING] [makePDF] LaTeX Warning: Hyper reference
  `book__pandoc__pdf__src__appendix__backgroundmd__cfg' on
  page 311 undefined on input line 18118.
[WARNING] [makePDF] LaTeX Warning: Hyper reference
  `book__pandoc__pdf__src__mir__indexmd__promoted' on page 315
  undefined on input line 18353.
[WARNING] [makePDF] LaTeX Warning: Hyper reference
  `book__pandoc__pdf__src__appendix__glossarymd__newtype' on
  page 315 undefined on input line 18366.
[WARNING] [makePDF] LaTeX Warning: Hyper reference
  `book__pandoc__pdf__src__appendix__glossarymd__newtype' on
  page 315 undefined on input line 18376.
[WARNING] [makePDF] LaTeX Warning: Hyper reference
  `book__pandoc__pdf__src__appendix__glossarymd__newtype' on
  page 315 undefined on input line 18396.
[WARNING] [makePDF] LaTeX Warning: Hyper reference
  `book__pandoc__pdf__src__appendix__glossarymd__placeholder'
  on page 379 undefined on input line 22105.
[WARNING] [makePDF] LaTeX Warning: Hyper reference
  `book__pandoc__pdf__src__variancemd__addendum' on page 417
  undefined on input line 24823.
[WARNING] [makePDF] LaTeX Warning: Hyper reference
  `book__pandoc__pdf__src__opaque-types-impl-trait-inferencemd__Within-the-type_of-query'
  on page 425 undefined on input line 25369.
[WARNING] [makePDF] LaTeX Warning: Hyper reference
  `book__pandoc__pdf__src__appendix__glossarymd__region' on
  page 454 undefined on input line 26842.
[WARNING] [makePDF] LaTeX Warning: Hyper reference
  `book__pandoc__pdf__src__appendix__glossarymd__inf-var' on
  page 454 undefined on input line 26845.
[WARNING] [makePDF] LaTeX Warning: Hyper reference
  `book__pandoc__pdf__src__appendix__backgroundmd__dataflow'
  on page 454 undefined on input line 26849.
[WARNING] [makePDF] LaTeX Warning: Hyper reference
  `book__pandoc__pdf__src__appendix__backgroundmd__free-vs-bound'
  on page 462 undefined on input line 27441.
[WARNING] [makePDF] LaTeX Warning: Hyper reference
  `book__pandoc__pdf__src__appendix__glossarymd__point' on
  page 467 undefined on input line 27843.
[WARNING] [makePDF] LaTeX Warning: Hyper reference
  `book__pandoc__pdf__src__borrow_check__region_inference__member_constraintsmd__collecting'
  on page 475 undefined on input line 28408.
[WARNING] [makePDF] LaTeX Warning: Hyper reference
  `book__pandoc__pdf__src__appendix__backgroundmd__quantified'
  on page 477 undefined on input line 28512.
[WARNING] [makePDF] LaTeX Warning: Hyper reference
  `book__pandoc__pdf__src__appendix__backgroundmd__variance'
  on page 477 undefined on input line 28534.
[WARNING] [makePDF] LaTeX Warning: Hyper reference
  `book__pandoc__pdf__src__appendix__backgroundmd__free-vs-bound'
  on page 477 undefined on input line 28584.
[WARNING] [makePDF] LaTeX Warning: Hyper reference
  `book__pandoc__pdf__src__diagnosticsmd__future-incompatible'
  on page 492 undefined on input line 29537.
[WARNING] [makePDF] LaTeX Warning: Hyper reference
  `book__pandoc__pdf__src__appendix__glossarymd__mono' on page
  533 undefined on input line 32210.
[WARNING] [makePDF] LaTeX Warning: Hyper reference
  `book__pandoc__pdf__src__appendix__glossarymd__def-id' on
  page 533 undefined on input line 32224.
[WARNING] [makePDF] LaTeX Warning: Hyper reference
  `book__pandoc__pdf__src__appendix__glossarymd__codegen-unit'
  on page 546 undefined on input line 32948.
[WARNING] [makePDF] LaTeX Warning: Hyper reference
  `book__pandoc__pdf__src__appendix__backgroundmd__cfg' on
  page 603 undefined on input line 36253.
[WARNING] [makePDF] LaTeX Warning: Hyper reference
  `book__pandoc__pdf__src__appendix__backgroundmd__free-vs-bound'
  on page 609 undefined on input line 36612.
[WARNING] [makePDF] LaTeX Warning: Hyper reference
  `book__pandoc__pdf__src__appendix__backgroundmd__free-vs-bound'
  on page 609 undefined on input line 36622.
[WARNING] [makePDF] LaTeX Warning: Hyper reference
  `book__pandoc__pdf__src__appendix__backgroundmd__cfg' on
  page 609 undefined on input line 36636.
[WARNING] [makePDF] LaTeX Warning: Hyper reference
  `book__pandoc__pdf__src__appendix__glossarymd__TyCtxt' on
  page 609 undefined on input line 36644.
[WARNING] [makePDF] LaTeX Warning: Hyper reference
  `book__pandoc__pdf__src__appendix__glossarymd__cx' on page
  609 undefined on input line 36645.
[WARNING] [makePDF] LaTeX Warning: Hyper reference
  `book__pandoc__pdf__src__appendix__glossarymd__tcx' on page
  609 undefined on input line 36646.
[WARNING] [makePDF] LaTeX Warning: Hyper reference
  `book__pandoc__pdf__src__appendix__backgroundmd__dataflow'
  on page 609 undefined on input line 36654.
[WARNING] [makePDF] LaTeX Warning: Hyper reference
  `book__pandoc__pdf__src__appendix__backgroundmd__what-is-a-debruijn-index'
  on page 609 undefined on input line 36659.
[WARNING] [makePDF] LaTeX Warning: Hyper reference
  `book__pandoc__pdf__src__appendix__glossarymd__variant-idx'
  on page 609 undefined on input line 36670.
[WARNING] [makePDF] LaTeX Warning: Hyper reference
  `book__pandoc__pdf__src__appendix__glossarymd__tag' on page
  609 undefined on input line 36672.
[WARNING] [makePDF] LaTeX Warning: Hyper reference
  `book__pandoc__pdf__src__appendix__backgroundmd__free-vs-bound'
  on page 609 undefined on input line 36704.
[WARNING] [makePDF] LaTeX Warning: Hyper reference
  `book__pandoc__pdf__src__appendix__glossarymd__tag' on page
  609 undefined on input line 36819.
[WARNING] [makePDF] LaTeX Warning: Hyper reference
  `book__pandoc__pdf__src__traits__goals-and-clausesmd__trait-ref'
  on page 609 undefined on input line 36849.
[WARNING] [makePDF] LaTeX Warning: Hyper reference
  `book__pandoc__pdf__src__mir__indexmd__promoted' on page 609
  undefined on input line 36852.
[WARNING] [makePDF] LaTeX Warning: Hyper reference
  `book__pandoc__pdf__src__appendix__backgroundmd__quantified'
  on page 609 undefined on input line 36860.
[WARNING] [makePDF] LaTeX Warning: Hyper reference
  `book__pandoc__pdf__src__appendix__glossarymd__discriminant'
  on page 609 undefined on input line 36915.
[WARNING] [makePDF] LaTeX Warning: Hyper reference
  `book__pandoc__pdf__src__appendix__glossarymd__niche' on
  page 609 undefined on input line 36918.
[WARNING] [makePDF] LaTeX Warning: Hyper reference
  `book__pandoc__pdf__src__traits__goals-and-clausesmd__trait-ref'
  on page 609 undefined on input line 36942.
[WARNING] [makePDF] LaTeX Warning: Hyper reference
  `book__pandoc__pdf__src__appendix__glossarymd__tcx' on page
  609 undefined on input line 36950.
[WARNING] [makePDF] LaTeX Warning: Hyper reference
  `book__pandoc__pdf__src__appendix__backgroundmd__variance'
  on page 609 undefined on input line 36969.
[WARNING] [makePDF] LaTeX Warning: Hyper reference
  `book__pandoc__pdf__src__appendix__glossarymd__discriminant'
  on page 609 undefined on input line 36975.
[WARNING] [makePDF] LaTeX Warning: Hyper reference
  `book__pandoc__pdf__src__hirmd__hir-id' on page 612
  undefined on input line 37006.
[WARNING] [makePDF] LaTeX Warning: Hyper reference
  `book__pandoc__pdf__src__hirmd__hir-id' on page 612
  undefined on input line 37022.
[WARNING] [makePDF] LaTeX Warning: Hyper reference
  `book__pandoc__pdf__src__hirmd__hir-id' on page 612
  undefined on input line 37034.
[WARNING] [makePDF] LaTeX Warning: Hyper reference
  `book__pandoc__pdf__src__hirmd__hir-id' on page 612
  undefined on input line 37039.
[WARNING] [makePDF] LaTeX Warning: There were undefined references.
[WARNING] Missing character: There is no ✅ (U+2705) (U+2705) in font NotoSerif:mode=node;script=l
[WARNING] Missing character: There is no ❌ (U+274C) (U+274C) in font NotoSerif:mode=node;script=l
[WARNING] Missing character: There is no ✅ (U+2705) (U+2705) in font NotoSerif/B:mode=node;script
[WARNING] Missing character: There is no ✅ (U+2705) (U+2705) in font NotoSerif/B:mode=node;script
[WARNING] Missing character: There is no ❌ (U+274C) (U+274C) in font NotoSerif/B:mode=node;script
[WARNING] Missing character: There is no ✅ (U+2705) (U+2705) in font NotoSerif/B:mode=node;script
[WARNING] Missing character: There is no ✅ (U+2705) (U+2705) in font NotoSerif/B:mode=node;script
[WARNING] Missing character: There is no ✅ (U+2705) (U+2705) in font NotoSerif/B:mode=node;script
[WARNING] Missing character: There is no ✅ (U+2705) (U+2705) in font NotoSerif/B:mode=node;script
[WARNING] Missing character: There is no ❌ (U+274C) (U+274C) in font NotoSerif/B:mode=node;script
[WARNING] Missing character: There is no ✅ (U+2705) (U+2705) in font NotoSerif/B:mode=node;script
[WARNING] Missing character: There is no ✅ (U+2705) (U+2705) in font NotoSerif/B:mode=node;script
[WARNING] Missing character: There is no ❌ (U+274C) (U+274C) in font NotoSerif/B:mode=node;script
[WARNING] Missing character: There is no ✅ (U+2705) (U+2705) in font NotoSerif/B:mode=node;script
[WARNING] Missing character: There is no ⊇ (U+2287) (U+2287) in font NotoSerif:mode=node;script=l
[WARNING] Missing character: There is no ✅ (U+2705) (U+2705) in font NotoSansMono:mode=node;scrip
[WARNING] Missing character: There is no ✅ (U+2705) (U+2705) in font NotoSansMono:mode=node;scrip
[WARNING] Missing character: There is no ∀ (U+2200) (U+2200) in font NotoSerif:mode=node;script=l
[WARNING] Missing character: There is no ∃ (U+2203) (U+2203) in font NotoSerif:mode=node;script=l
 INFO mdbook_pandoc::pandoc::renderer: Wrote output to book/pandoc/pdf/book.pdf    

