---
source: src/lib.rs
expression: logs
---
 INFO mdbook::book: Running the pandoc backend    
 WARN mdbook_pandoc::preprocess: Unable to normalize link '../../reference/inline-assembly.html#abi-clobbers' in chapter 'Inline assembly': Unable to canonicalize path: $ROOT/src/unsafe/../../reference/inline-assembly.html: No such file or directory (os error 2)    
[WARNING] Missing character: There is no üõà (U+1F6C8) (U+1F6C8) in font [lmroman10-regular]:+tlig;
[WARNING] Missing character: There is no üõà (U+1F6C8) (U+1F6C8) in font [lmroman10-regular]:+tlig;
[WARNING] Missing character: There is no „Çà (U+3088) (U+3088) in font SourceCodePro:mode=node;scri
[WARNING] Missing character: There is no „ÅÜ (U+3046) (U+3046) in font SourceCodePro:mode=node;scri
[WARNING] Missing character: There is no „Åì (U+3053) (U+3053) in font SourceCodePro:mode=node;scri
[WARNING] Missing character: There is no „Åù (U+305D) (U+305D) in font SourceCodePro:mode=node;scri
 INFO mdbook_pandoc::render: Wrote output to book/pdf/book.pdf    

